../Core/Src/main.c:67:6:UART_SendChar	16	static
../Core/Src/main.c:79:6:UART_SendString	16	static
../Core/Src/main.c:91:6:UART_GetChar	16	static
../Core/Src/main.c:115:10:GetCaseID	16	static
../Core/Src/main.c:145:19:SendCaseID	24	static
../Core/Src/main.c:185:19:ReceiveResponse	32	static
../Core/Src/main.c:227:6:DecodeResponse	32	static
../Core/Src/main.c:260:6:DisplayData	128	static
../Core/Src/main.c:289:5:main	24	static
../Core/Src/main.c:479:6:SystemClock_Config	72	static
../Core/Src/main.c:527:13:MX_SPI1_Init	8	static
../Core/Src/main.c:605:13:MX_USART1_UART_Init	8	static
../Core/Src/main.c:647:13:MX_GPIO_Init	32	static
../Core/Src/main.c:703:6:Error_Handler	4	static,ignoring_inline_asm
