../Core/Src/main.c:67:6:UART_SendChar	1
../Core/Src/main.c:79:6:UART_SendString	1
../Core/Src/main.c:91:6:UART_GetChar	1
../Core/Src/main.c:115:10:GetCaseID	6
../Core/Src/main.c:145:19:SendCaseID	1
../Core/Src/main.c:185:19:ReceiveResponse	1
../Core/Src/main.c:227:6:DecodeResponse	1
../Core/Src/main.c:260:6:DisplayData	1
../Core/Src/main.c:289:5:main	4
../Core/Src/main.c:479:6:SystemClock_Config	3
../Core/Src/main.c:527:13:MX_SPI1_Init	2
../Core/Src/main.c:605:13:MX_USART1_UART_Init	2
../Core/Src/main.c:647:13:MX_GPIO_Init	1
../Core/Src/main.c:703:6:Error_Handler	1
